// Jest Snapshot v1, https://goo.gl/fbAQLP

exports[`Map tests without search functionality matches snapshot 1`] = `"<div id=\\"map\\" class=\\"leaflet-container leaflet-touch leaflet-grab leaflet-touch-drag leaflet-touch-zoom\\" style=\\"position: relative;\\" tabindex=\\"0\\"><div class=\\"leaflet-pane leaflet-map-pane\\" style=\\"left: 0px; top: 0px;\\"><div class=\\"leaflet-pane leaflet-tile-pane\\"><div class=\\"leaflet-layer \\" style=\\"z-index: 1;\\"><div class=\\"leaflet-tile-container leaflet-zoom-animated\\" style=\\"z-index: 18; left: 0px; top: 0px;\\"><img alt=\\"\\" role=\\"presentation\\" src=\\"https://server.arcgisonline.com/ArcGIS/rest/services/World_Street_Map/MapServer/tile/7/42/65\\" class=\\"leaflet-tile\\" style=\\"width: 256px; height: 256px; left: -237px; top: -5px;\\"></div></div></div><div class=\\"leaflet-pane leaflet-overlay-pane\\"><img class=\\"leaflet-image-layer\\" style=\\"z-index: 1; opacity: 0.4; left: -320px; top: -347px; width: 674px; height: 673px;\\" src=\\"0\\" alt=\\"\\"><img class=\\"leaflet-image-layer\\" style=\\"z-index: 1; opacity: 0; left: -320px; top: -347px; width: 674px; height: 673px;\\" src=\\"1\\" alt=\\"\\"></div><div class=\\"leaflet-pane leaflet-shadow-pane\\"></div><div class=\\"leaflet-pane leaflet-marker-pane\\"></div><div class=\\"leaflet-pane leaflet-tooltip-pane\\"></div><div class=\\"leaflet-pane leaflet-popup-pane\\"></div></div><div class=\\"leaflet-control-container\\"><div class=\\"leaflet-top leaflet-left\\"><div class=\\"leaflet-control-zoom leaflet-bar leaflet-control\\"><a class=\\"leaflet-control-zoom-in\\" href=\\"#\\" title=\\"Zoom in\\" role=\\"button\\" aria-label=\\"Zoom in\\" aria-disabled=\\"false\\"><span aria-hidden=\\"true\\">+</span></a><a class=\\"leaflet-control-zoom-out leaflet-disabled\\" href=\\"#\\" title=\\"Zoom out\\" role=\\"button\\" aria-label=\\"Zoom out\\" aria-disabled=\\"true\\"><span aria-hidden=\\"true\\">−</span></a></div></div><div class=\\"leaflet-top leaflet-right\\"></div><div class=\\"leaflet-bottom leaflet-left\\"><div class=\\"leaflet-control-scale leaflet-control\\"><div class=\\"leaflet-control-scale-line\\" style=\\"width: 67px;\\">50 km</div></div></div><div class=\\"leaflet-bottom leaflet-right\\"><div class=\\"leaflet-control-attribution leaflet-control\\"><a href=\\"https://leafletjs.com\\" title=\\"A JavaScript library for interactive maps\\">Leaflet</a> <span aria-hidden=\\"true\\">|</span> © <a href=\\"https://www.esri.com/en-us/home\\">Esri</a></div></div></div></div><div id=\\"locationField\\"></div>"`;
