// Jest Snapshot v1, https://goo.gl/fbAQLP

exports[`TopBar basic tests matches snapshot 1`] = `
<div
  className="topBarContents"
  data-testid="topBar-container"
>
  <div
    className="Sidebar"
    data-testid="sidebar-menu"
  >
    <img
      className="ratioImage"
      src="../../../static/images/1x1.png"
    />
    <svg
      className="Sidebar-icon"
      fill="currentColor"
      height="60%"
      onClick={[Function]}
      stroke="currentColor"
      strokeWidth="0"
      style={
        Object {
          "color": undefined,
        }
      }
      viewBox="0 0 448 512"
      width="60%"
      xmlns="http://www.w3.org/2000/svg"
    >
      <path
        d="M16 132h416c8.837 0 16-7.163 16-16V76c0-8.837-7.163-16-16-16H16C7.163 60 0 67.163 0 76v40c0 8.837 7.163 16 16 16zm0 160h416c8.837 0 16-7.163 16-16v-40c0-8.837-7.163-16-16-16H16c-8.837 0-16 7.163-16 16v40c0 8.837 7.163 16 16 16zm0 160h416c8.837 0 16-7.163 16-16v-40c0-8.837-7.163-16-16-16H16c-8.837 0-16 7.163-16 16v40c0 8.837 7.163 16 16 16z"
      />
    </svg>
  </div>
  <div
    className="Location"
  >
    <img
      className="ratioImage"
      src="../../../static/images/1x1.png"
    />
    <svg
      className="Location-icon"
      data-testid="user-location"
      fill="currentColor"
      height="60%"
      onClick={[Function]}
      stroke="currentColor"
      strokeWidth="0"
      style={
        Object {
          "color": undefined,
        }
      }
      version="1.1"
      viewBox="0 0 16 16"
      width="60%"
      xmlns="http://www.w3.org/2000/svg"
    >
      <path
        d="M8 0c-2.761 0-5 2.239-5 5 0 5 5 11 5 11s5-6 5-11c0-2.761-2.239-5-5-5zM8 8c-1.657 0-3-1.343-3-3s1.343-3 3-3 3 1.343 3 3-1.343 3-3 3z"
      />
    </svg>
  </div>
  <div
    className="TUDelft-logo"
  >
    <img
      className="ratioImage"
      src="../../../static/images/1x1.png"
    />
    <img
      alt="TU Delft logo"
      className="TUDelft-logo-icon"
      data-testid="tudelft-location"
      onClick={[Function]}
      src="../../../static/images/TUDelftButton.png"
    />
  </div>
  <div
    className="Searchbar"
    id="locationField"
  />
  <nav
    className="hideElement"
  >
    <ul
      className="Sidebar-items"
    >
      <li
        className="SideBar-item"
        onClick={[Function]}
      >
        <span
          className="item-icon"
        >
          <img
            className="ratioImage"
            src="../../../static/images/1x1.png"
          />
          <svg
            className="sidebar-element-icon"
            fill="none"
            height="50%"
            stroke="currentColor"
            strokeWidth="0"
            style={
              Object {
                "color": undefined,
              }
            }
            viewBox="0 0 24 24"
            width="50%"
            xmlns="http://www.w3.org/2000/svg"
          >
            <path
              d="M4 7v10c0 2.21 3.582 4 8 4s8-1.79 8-4V7M4 7c0 2.21 3.582 4 8 4s8-1.79 8-4M4 7c0-2.21 3.582-4 8-4s8 1.79 8 4m0 5c0 2.21-3.582 4-8 4s-8-1.79-8-4"
              strokeLinecap="round"
              strokeLinejoin="round"
              strokeWidth="2"
            />
          </svg>
        </span>
        <span
          className="item-title"
        >
          Display previous data
        </span>
      </li>
      <li
        className="hideElement"
      />
      <li
        className="sidebar-splitter"
        id="sidebar-splitter"
      />
      <li
        className="SideBar-item"
        data-testid="application-info"
        onClick={[Function]}
      >
        <span
          className="item-icon"
        >
          <img
            className="ratioImage"
            src="../../../static/images/1x1.png"
          />
          <svg
            className="sidebar-element-icon"
            fill="currentColor"
            height="50%"
            stroke="currentColor"
            strokeWidth="0"
            style={
              Object {
                "color": undefined,
              }
            }
            viewBox="0 0 20 20"
            width="50%"
            xmlns="http://www.w3.org/2000/svg"
          >
            <path
              clipRule="evenodd"
              d="M18 10a8 8 0 11-16 0 8 8 0 0116 0zm-7-4a1 1 0 11-2 0 1 1 0 012 0zM9 9a1 1 0 000 2v3a1 1 0 001 1h1a1 1 0 100-2v-3a1 1 0 00-1-1H9z"
              fillRule="evenodd"
            />
          </svg>
        </span>
        <span
          className="item-title"
        >
          Application information
        </span>
        <div
          className="popup-container"
          data-testid="application-info-popup-container"
        />
      </li>
      <li
        className="SideBar-item"
        data-testid="contributor"
        onClick={[Function]}
      >
        <span
          className="item-icon"
        >
          <img
            className="ratioImage"
            src="../../../static/images/1x1.png"
          />
          <svg
            className="sidebar-element-icon"
            fill="currentColor"
            height="50%"
            stroke="currentColor"
            strokeWidth="0"
            style={
              Object {
                "color": undefined,
              }
            }
            viewBox="0 0 512 512"
            width="50%"
            xmlns="http://www.w3.org/2000/svg"
          >
            <path
              d="M337.454 232c33.599 0 61.092-27.002 61.092-60 0-32.997-27.493-60-61.092-60s-61.09 27.003-61.09 60c0 32.998 27.491 60 61.09 60zm-162.908 0c33.599 0 61.09-27.002 61.09-60 0-32.997-27.491-60-61.09-60s-61.092 27.003-61.092 60c0 32.998 27.493 60 61.092 60zm0 44C126.688 276 32 298.998 32 346v54h288v-54c0-47.002-97.599-70-145.454-70zm162.908 11.003c-6.105 0-10.325 0-17.454.997 23.426 17.002 32 28 32 58v54h128v-54c0-47.002-94.688-58.997-142.546-58.997z"
            />
          </svg>
        </span>
        <span
          className="item-title"
        >
          Contributors
        </span>
        <div
          className="popup-container"
          data-testid="contributor-popup-container"
        />
      </li>
      <li
        className="SideBar-item"
        data-testid="disclaimer"
        onClick={[Function]}
      >
        <span
          className="item-icon"
        >
          <img
            className="ratioImage"
            src="../../../static/images/1x1.png"
          />
          <svg
            className="sidebar-element-icon"
            fill="none"
            height="50%"
            stroke="currentColor"
            strokeWidth="0"
            style={
              Object {
                "color": undefined,
              }
            }
            viewBox="0 0 24 24"
            width="50%"
            xmlns="http://www.w3.org/2000/svg"
          >
            <path
              d="M12 6C12.5523 6 13 6.44772 13 7V13C13 13.5523 12.5523 14 12 14C11.4477 14 11 13.5523 11 13V7C11 6.44772 11.4477 6 12 6Z"
              fill="currentColor"
            />
            <path
              d="M12 16C11.4477 16 11 16.4477 11 17C11 17.5523 11.4477 18 12 18C12.5523 18 13 17.5523 13 17C13 16.4477 12.5523 16 12 16Z"
              fill="currentColor"
            />
            <path
              clipRule="evenodd"
              d="M12 2C6.47715 2 2 6.47715 2 12C2 17.5228 6.47715 22 12 22C17.5228 22 22 17.5228 22 12C22 6.47715 17.5228 2 12 2ZM4 12C4 16.4183 7.58172 20 12 20C16.4183 20 20 16.4183 20 12C20 7.58172 16.4183 4 12 4C7.58172 4 4 7.58172 4 12Z"
              fill="currentColor"
              fillRule="evenodd"
            />
          </svg>
        </span>
        <span
          className="item-title"
        >
          Disclaimer & Liability
        </span>
        <div
          className="popup-container"
          data-testid="disclaimer-popup-container"
        />
      </li>
      <li
        className="SideBar-item"
        data-testid="privacy"
        onClick={[Function]}
      >
        <span
          className="item-icon"
        >
          <img
            className="ratioImage"
            src="../../../static/images/1x1.png"
          />
          <svg
            className="sidebar-element-icon"
            fill="currentColor"
            height="50%"
            role="img"
            stroke="currentColor"
            strokeWidth="0"
            style={
              Object {
                "color": undefined,
              }
            }
            viewBox="0 0 24 24"
            width="50%"
            xmlns="http://www.w3.org/2000/svg"
          >
            <title />
            <path
              d="M2.968 11.583h1.274v-3.82A7.76 7.76 0 0 1 12.005 0a7.76 7.76 0 0 1 7.762 7.763v3.783c-.018.01-.037.028-.056.037l-.01.01-.008.009h-.01l-.01.01-.009.009H19.636l-.018.018h-.02l-.018.01h-.01l-.009.01-.009.009h-.01l-.009.009-.009.01-.01.009-.009.009-.028.019-.019.01-.028.018-.018.01-.02.009-.027.018-.019.01-.01.009-.027.019-.02.01-.046.027-.019.01-.018.009-.02.01h-.008l-.057.027h-.019c-.018.01-.037.02-.065.038h-.01l-.009.01-.028.018-.018.01-.029.018-.018.01h-.01l-.028.018-.018.01-.02.009c-.018.01-.046.019-.065.028l-.018.01-.02.009-.037.018-.037.02-.047.018-.047.019-.019.009-.037.019-.019.01c-1.545.739-4.017 1.516-8.708 1.853-3.362.244-5.403 1.723-6.724 3.502zm4.842 0h8.371v-3.82a4.184 4.184 0 0 0-4.186-4.186A4.184 4.184 0 0 0 7.81 7.763zm13.222 1.461V24H5.572c1.704-.946 2.968-.852 5.075-.787 2.865.094 6.03-1.105 7.585-2.696 1.554-1.592-.14-.375-1.901.074-1.76.45-5.17.497-7.454-.103 7.173.094 9.973-2.219 11.555-4.307 1.583-2.079-.683-.365-2.153.356-1.47.72-4.036 1.227-6.864.852 4.27-.01 7.52-2.144 9.607-4.345z"
            />
          </svg>
        </span>
        <span
          className="item-title"
        >
          Privacy statement
        </span>
        <div
          className="popup-container"
          data-testid="privacy-popup-container"
        />
      </li>
      <li
        className="SideBar-item"
        data-testid="acknowledgement"
        onClick={[Function]}
      >
        <span
          className="item-icon"
        >
          <img
            className="ratioImage"
            src="../../../static/images/1x1.png"
          />
          <svg
            className="sidebar-element-icon"
            fill="currentColor"
            height="50%"
            stroke="currentColor"
            strokeWidth="0"
            style={
              Object {
                "color": undefined,
              }
            }
            viewBox="0 0 448 512"
            width="50%"
            xmlns="http://www.w3.org/2000/svg"
          >
            <path
              d="M448 360V24c0-13.3-10.7-24-24-24H96C43 0 0 43 0 96v320c0 53 43 96 96 96h328c13.3 0 24-10.7 24-24v-16c0-7.5-3.5-14.3-8.9-18.7-4.2-15.4-4.2-59.3 0-74.7 5.4-4.3 8.9-11.1 8.9-18.6zM128 134c0-3.3 2.7-6 6-6h212c3.3 0 6 2.7 6 6v20c0 3.3-2.7 6-6 6H134c-3.3 0-6-2.7-6-6v-20zm0 64c0-3.3 2.7-6 6-6h212c3.3 0 6 2.7 6 6v20c0 3.3-2.7 6-6 6H134c-3.3 0-6-2.7-6-6v-20zm253.4 250H96c-17.7 0-32-14.3-32-32 0-17.6 14.4-32 32-32h285.4c-1.9 17.1-1.9 46.9 0 64z"
            />
          </svg>
        </span>
        <span
          className="item-title"
        >
          Acknowledgement
        </span>
        <div
          className="popup-container"
          data-testid="acknowledgement-popup-container"
        />
      </li>
    </ul>
  </nav>
</div>
`;
