// Jest Snapshot v1, https://goo.gl/fbAQLP

exports[`App tests matches snapshot 1`] = `"app.render()"`;
